<html>
<body>
<pre>
<h1>µVision Build Log</h1>
<h2>Tool Versions:</h2>
IDE-Version: ÂµVision V5.39.0.0
Copyright (C) 2023 ARM Ltd and ARM Germany GmbH. All rights reserved.
License Information: Fotis Katsaras, AUTh, LIC=----
 
Tool Versions:
Toolchain:       MDK-Lite  Version: 5.39.0.0
Toolchain Path:  C:\Users\katsa\ARM\ARMCLANG\Bin
C Compiler:      ArmClang.exe V6.21
Assembler:       Armasm.exe V6.21
Linker/Locator:  ArmLink.exe V6.21
Library Manager: ArmAr.exe V6.21
Hex Converter:   FromElf.exe V6.21
CPU DLL:         SARMCM3.DLL V5.39.0.0
Dialog DLL:      DCM.DLL V1.17.5.0
Target DLL:      STLink\ST-LINKIII-KEIL_SWO.dll V3.2.0.0
Dialog DLL:      TCM.DLL V1.56.4.0
 
<h2>Project:</h2>
C:\Users\katsa\ffile\microprocesors\LED-UART\SerialUart_demo_1\UartDemo.uvprojx
Project File Date:  05/16/2024

<h2>Output:</h2>
*** Using Compiler 'V6.21', folder: 'C:\Users\katsa\ARM\ARMCLANG\Bin'
Rebuild target 'Target 1'
src/leds.c(17): warning: logical not is only applied to the left hand side of this comparison [-Wlogical-not-parentheses]
   17 |         gpio_set(P_LED_R, !red_on != LED_ON);
      |                           ^       ~~
src/leds.c(17): note: add parentheses after the '!' to evaluate the comparison first
   17 |         gpio_set(P_LED_R, !red_on != LED_ON);
      |                           ^                
      |                            (               )
src/leds.c(17): note: add parentheses around left hand side expression to silence this warning
   17 |         gpio_set(P_LED_R, !red_on != LED_ON);
      |                           ^
      |                           (      )
src/leds.c(18): warning: logical not is only applied to the left hand side of this comparison [-Wlogical-not-parentheses]
   18 |         gpio_set(P_LED_G, !green_on != LED_ON);
      |                           ^         ~~
src/leds.c(18): note: add parentheses after the '!' to evaluate the comparison first
   18 |         gpio_set(P_LED_G, !green_on != LED_ON);
      |                           ^                  
      |                            (                 )
src/leds.c(18): note: add parentheses around left hand side expression to silence this warning
   18 |         gpio_set(P_LED_G, !green_on != LED_ON);
      |                           ^
      |                           (        )
src/leds.c(19): warning: logical not is only applied to the left hand side of this comparison [-Wlogical-not-parentheses]
   19 |         gpio_set(P_LED_B, !blue_on != LED_ON);
      |                           ^        ~~
src/leds.c(19): note: add parentheses after the '!' to evaluate the comparison first
   19 |         gpio_set(P_LED_B, !blue_on != LED_ON);
      |                           ^                 
      |                            (                )
src/leds.c(19): note: add parentheses around left hand side expression to silence this warning
   19 |         gpio_set(P_LED_B, !blue_on != LED_ON);
      |                           ^
      |                           (       )
3 warnings generated.
compiling leds.c...
compiling queue.c...
drivers/comparator.c(2): warning: In file included from...
./drivers\comparator.h(6): warning: In file included from...
./drivers\adc.h(10): warning: 'ADC1_BASE' macro redefined [-Wmacro-redefined]
   10 | #define ADC1_BASE             (APB2PERIPH_BASE + 0x2000)
      |         ^
C:/Users/katsa/AppData/Local/Arm/Packs/Keil/STM32F4xx_DFP/2.17.1/Drivers/CMSIS/Device/ST/STM32F4xx/Include/stm32f411xe.h(678): note: previous definition is here
  678 | #define ADC1_BASE             (APB2PERIPH_BASE + 0x2000UL)
      |         ^
drivers/comparator.c(2): warning: In file included from...
./drivers\comparator.h(6): warning: In file included from...
./drivers\adc.h(23): warning: 'GPIOA_BASE' macro redefined [-Wmacro-redefined]
   23 | #define GPIOA_BASE            (AHB1PERIPH_BASE + 0x0000)
      |         ^
C:/Users/katsa/AppData/Local/Arm/Packs/Keil/STM32F4xx_DFP/2.17.1/Drivers/CMSIS/Device/ST/STM32F4xx/Include/stm32f411xe.h(693): note: previous definition is here
  693 | #define GPIOA_BASE            (AHB1PERIPH_BASE + 0x0000UL)
      |         ^
2 warnings generated.
compiling comparator.c...
compiling i2c.c...
compiling main.c...
compiling gpio.c...
drivers/adc.c(3): warning: In file included from...
./drivers\adc.h(10): warning: 'ADC1_BASE' macro redefined [-Wmacro-redefined]
   10 | #define ADC1_BASE             (APB2PERIPH_BASE + 0x2000)
      |         ^
C:/Users/katsa/AppData/Local/Arm/Packs/Keil/STM32F4xx_DFP/2.17.1/Drivers/CMSIS/Device/ST/STM32F4xx/Include/stm32f411xe.h(678): note: previous definition is here
  678 | #define ADC1_BASE             (APB2PERIPH_BASE + 0x2000UL)
      |         ^
drivers/adc.c(3): warning: In file included from...
./drivers\adc.h(23): warning: 'GPIOA_BASE' macro redefined [-Wmacro-redefined]
   23 | #define GPIOA_BASE            (AHB1PERIPH_BASE + 0x0000)
      |         ^
C:/Users/katsa/AppData/Local/Arm/Packs/Keil/STM32F4xx_DFP/2.17.1/Drivers/CMSIS/Device/ST/STM32F4xx/Include/stm32f411xe.h(693): note: previous definition is here
  693 | #define GPIOA_BASE            (AHB1PERIPH_BASE + 0x0000UL)
      |         ^
2 warnings generated.
compiling adc.c...
compiling stm32f4xx_gpio.c...
compiling stm32f4xx_adc.c...
compiling timer.c...
compiling stm32f4xx_i2c.c...
compiling stm32f4xx_usart.c...
compiling uart.c...
compiling stm32f4xx_rcc.c...
assembling startup_stm32f411xe.s...
compiling retarget_io.c...
compiling system_stm32f4xx.c...
linking...
Program Size: Code=6810 RO-data=486 RW-data=4 ZI-data=1700  
".\Objects\UartDemo.axf" - 0 Error(s), 7 Warning(s).

<h2>Software Packages used:</h2>

Package Vendor: ARM
                http://www.keil.com/pack/ARM.CMSIS.5.9.0.pack
                ARM::CMSIS@5.9.0
                CMSIS (Common Microcontroller Software Interface Standard)
   * Component: CORE Version: 5.6.0

Package Vendor: Keil
                https://www.keil.com/pack/Keil.ARM_Compiler.1.7.2.pack
                Keil::ARM_Compiler@1.7.2
                Keil ARM Compiler extensions for ARM Compiler 5 and ARM Compiler 6
   * Component: STDERR Variant: ITM Version: 1.2.0
   * Component: STDIN Variant: ITM Version: 1.2.0
   * Component: STDOUT Variant: ITM Version: 1.2.0

Package Vendor: Keil
                https://www.keil.com/pack/Keil.STM32F4xx_DFP.2.17.1.pack
                Keil::STM32F4xx_DFP@2.17.1
                STMicroelectronics STM32F4 Series Device Support, Drivers and Examples
   * Component: Startup Version: 2.6.3

<h2>Collection of Component include folders:</h2>
  ./RTE/_Target_1
  C:/Users/katsa/AppData/Local/Arm/Packs/ARM/CMSIS/5.9.0/CMSIS/Core/Include
  C:/Users/katsa/AppData/Local/Arm/Packs/Keil/STM32F4xx_DFP/2.17.1/Drivers/CMSIS/Device/ST/STM32F4xx/Include

<h2>Collection of Component Files used:</h2>

   * Component: ARM::CMSIS:CORE@5.6.0

   * Component: Keil::Compiler&ARM Compiler:I/O:STDERR&ITM@1.2.0
      Source file:   Source/retarget_io.c

   * Component: Keil::Compiler&ARM Compiler:I/O:STDIN&ITM@1.2.0
      Source file:   Source/retarget_io.c

   * Component: Keil::Compiler&ARM Compiler:I/O:STDOUT&ITM@1.2.0
      Source file:   Source/retarget_io.c

   * Component: Keil::Device:Startup@2.6.3
      Include file:  Drivers/CMSIS/Device/ST/STM32F4xx/Include/stm32f4xx.h
      Source file:   MDK/Device/Source/ARM/STM32F411xx_OPT.s
      Source file:   MDK/Device/Source/ARM/STM32F4xx_OTP.s
      Source file:   Drivers/CMSIS/Device/ST/STM32F4xx/Source/Templates/arm/startup_stm32f411xe.s
      Source file:   Drivers/CMSIS/Device/ST/STM32F4xx/Source/Templates/system_stm32f4xx.c
Build Time Elapsed:  00:00:01
</pre>
</body>
</html>
